[{"definition":{"_0":{"words":[{"meaning":"-que = and (enclitic, translated before attached word); completes plerus\/uter;"}],"truncated":false,"possibilities":[{"tackon":{"_0":"que"}}]}}},{"definition":{"_0":{"words":[{"meaning":"- out, away from; beyond; completely;"}],"truncated":false,"possibilities":[{"prefix":{"_0":"ex"}}]}}},{"definition":{"_0":{"words":[{"meaning":"depart, go away; go off, go forth; pass away, die, disappear; be changed;","expansion":{"verb":{"_0":"abeo, abire, abivi(ii), abitus","_2":["intrans."]}}}],"truncated":false,"possibilities":[{"verb":{"_0":{"person":1,"number":"P","tense":"PRES","variety":1,"text":"abi.mus","voice":"ACTIVE","mood":"IND"}}}]}}}]