[{"definition":{"_0":{"words":[{"meaning":"give; dedicate; sell; pay; grant\/bestow\/impart\/offer\/lend; devote; allow; make;","expansion":{"verb":{"_0":"do, dare, dedi, datus","_2":["trans."],"_1":1}}}],"truncated":false,"possibilities":[{"verbParticiple":{"_0":{"gender":"N","number":"S","variety":1,"conjugation":1,"tense":"PERF","text":"dat.um","voice":"PASSIVE","case":"NOM"}}},{"verbParticiple":{"_0":{"gender":"N","number":"S","variety":1,"conjugation":1,"tense":"PERF","text":"dat.um","voice":"PASSIVE","case":"VOC"}}},{"verbParticiple":{"_0":{"gender":"M","number":"S","variety":1,"conjugation":1,"tense":"PERF","text":"dat.um","voice":"PASSIVE","case":"ACC"}}},{"verbParticiple":{"_0":{"gender":"N","number":"S","variety":1,"conjugation":1,"tense":"PERF","text":"dat.um","voice":"PASSIVE","case":"ACC"}}},{"supine":{"_0":{"gender":"N","conjugation":1,"case":"ACC","number":"S","variety":1,"text":"dat.um"}}}]}}},{"definition":{"_0":{"words":[{"meaning":"surrender\/give over; send to die; ascribe\/attribute; give birth\/produce; utter;"}],"truncated":false,"possibilities":[{"verbParticiple":{"_0":{"gender":"N","number":"S","variety":1,"conjugation":1,"tense":"PERF","text":"dat.um","voice":"PASSIVE","case":"NOM"}}},{"verbParticiple":{"_0":{"gender":"N","number":"S","variety":1,"conjugation":1,"tense":"PERF","text":"dat.um","voice":"PASSIVE","case":"VOC"}}},{"verbParticiple":{"_0":{"gender":"M","number":"S","variety":1,"conjugation":1,"tense":"PERF","text":"dat.um","voice":"PASSIVE","case":"ACC"}}},{"verbParticiple":{"_0":{"gender":"N","number":"S","variety":1,"conjugation":1,"tense":"PERF","text":"dat.um","voice":"PASSIVE","case":"ACC"}}},{"supine":{"_0":{"gender":"N","conjugation":1,"case":"ACC","number":"S","variety":1,"text":"dat.um"}}}]}}},{"definition":{"_0":{"words":[{"meaning":"present\/gift; that which is given; debit; [~ dandis => w\/all supplied];","expansion":{"noun":{"_1":2,"_0":"datum, dati","_3":[],"_2":"N"}}}],"truncated":false,"possibilities":[{"noun":{"_0":{"declension":2,"case":"NOM","number":"S","gender":"N","variety":2,"text":"dat.um"}}},{"noun":{"_0":{"declension":2,"case":"VOC","number":"S","gender":"N","variety":2,"text":"dat.um"}}},{"noun":{"_0":{"declension":2,"case":"ACC","number":"S","gender":"N","variety":2,"text":"dat.um"}}}]}}},{"definition":{"_0":{"words":[{"meaning":"act of giving;","expansion":{"noun":{"_1":4,"_0":"datus, datus","_3":["Early","very rare"],"_2":"M"}}}],"truncated":false,"possibilities":[{"noun":{"_0":{"declension":4,"case":"ACC","number":"S","gender":"M","variety":1,"text":"dat.um"}}}]}}}]