[{"text":{"_0":"Two words            "}},{"text":{"_0":"May be 2 words combined (vir+imus) If not obvious, probably incorrect"}},{"definition":{"_0":{"words":[{"meaning":"go, walk; march, advance; pass; flow; pass (time); ride; sail;","expansion":{"verb":{"_0":"eo, ire, ivi(ii), itus","_2":[]}}}],"truncated":false,"possibilities":[{"verb":{"_0":{"person":1,"number":"P","tense":"PRES","variety":1,"text":"i.mus","voice":"ACTIVE","mood":"IND"}}}]}}},{"definition":{"_0":{"words":[{"meaning":"inmost, deepest, bottommost, last; (inferus); [~ vox => highest treble];","expansion":{"adj":{"_0":"imus, ima, imum","_1":["lesser"]}}}],"truncated":false,"possibilities":[{"adjective":{"_0":{"gender":"M","case":"NOM","number":"S","variety":0,"degree":"SUPER","text":"i.mus"}}}]}}},{"definition":{"_0":{"words":[{"meaning":"man; husband; hero; person of courage, honor, and nobility;","expansion":{"noun":{"_1":2,"_0":"vir, viri","_3":[],"_2":"M"}}}],"truncated":false,"possibilities":[{"noun":{"_0":{"declension":2,"case":"NOM","number":"S","gender":"M","variety":3,"text":"vir"}}},{"noun":{"_0":{"declension":2,"case":"VOC","number":"S","gender":"M","variety":3,"text":"vir"}}}]}}}]