{
  "data" : [
    {
      "filename" : "facile.json",
      "idiom" : "universal"
    }
  ],
  "info" : {
    "author" : "xcode",
    "version" : 1
  }
}
