[{"words":[{"meaning":"easy, easy to do, without difficulty, ready, quick, good natured, courteous;","expansion":{"adj":{"_0":"facilis, facile, facilior -or -us, facillimus -a -um","_1":[]}}}],"truncated":false,"possibilities":[{"adjective":{"_0":{"number":"S","gender":"N","variety":2,"degree":"POS","text":"facil.e","declension":3,"case":"NOM"}}},{"adjective":{"_0":{"number":"S","gender":"N","variety":2,"degree":"POS","text":"facil.e","declension":3,"case":"VOC"}}},{"adjective":{"_0":{"declension":3,"case":"ABL","number":"S","variety":2,"degree":"POS","text":"facil.e"}}},{"adjective":{"_0":{"number":"S","gender":"N","variety":2,"degree":"POS","text":"facil.e","declension":3,"case":"ACC"}}}]},{"words":[{"meaning":"easily, readily, without difficulty; generally, often; willingly; heedlessly;","expansion":{"adv":{"_0":"facile, facilius, facillime","_1":[]}}}],"truncated":false,"possibilities":[{"adverb":{"_0":{"degree":"POS","text":"facile"}}}]}]