[{"words":[{"meaning":"before, in front of; forward [prae sequor => go on before];","expansion":{"adv":{"_0":"prae","_1":[]}}}],"truncated":false,"possibilities":[{"adverb":{"_0":{"degree":"POS","text":"prae"}}}]},{"words":[{"meaning":"before, in front; in view of, because of;","expansion":{"prep":{"_0":"prae","_2":[],"_1":"ABL"}}}],"truncated":false,"possibilities":[{"preposition":{"_0":{"text":"prae","case":"ABL"}}}]}]