[{"definition":{"_0":{"words":[{"meaning":"treacherous;","expansion":{"adj":{"_0":"perfidiosus, perfidiosa, perfidiosum","_1":["lesser"]}}}],"truncated":false,"possibilities":[{"adjective":{"_0":{"number":"S","gender":"M","variety":1,"degree":"POS","text":"perfidios.e","declension":1,"case":"VOC"}}}]}}},{"definition":{"_0":{"words":[{"meaning":"-ly; -ily;  Converting ADJ to ADV"}],"truncated":false,"possibilities":[{"suffix":{"_0":"e"}}]}}},{"definition":{"_0":{"words":[{"meaning":"treacherous;","expansion":{"adj":{"_0":"perfidiosus, perfidiosa, perfidiosum","_1":["lesser"]}}}],"truncated":false,"possibilities":[{"adverb":{"_0":{"degree":"POS","text":"perfidios.e"}}}]}}}]